[Bootstrap]
SetupTitle=Install
SetupText=Copying Files, please stand by.
CabFile=GesConcursos.CAB
Spawn=Setup1.exe
Uninstal=st6unst.exe
TmpDir=msftqws.pdw
Cabs=1

[Bootstrap Files]
File1=@VB6STKIT.DLL,$(WinSysPathSysFile),,,6/18/98 12:00:00 AM,102912,6.0.81.69
File2=@COMCAT.DLL,$(WinSysPathSysFile),$(DLLSelfRegister),,5/31/98 12:00:00 AM,22288,4.71.1460.1
File3=@MSVCRT40.DLL,$(WinSysPathSysFile),,,5/31/98 12:00:00 AM,326656,4.21.0.0
File4=@asycfilt.dll,$(WinSysPathSysFile),,,9/29/17 12:50:08 PM,78336,6.2.16299.15
File5=@msvbvm60.dll,$(WinSysPathSysFile),$(DLLSelfRegister),,9/29/17 12:50:11 PM,1386496,6.0.98.15

[IconGroups]
Group0=GesConcursos
PrivateGroup0=True
Parent0=$(Programs)

[GesConcursos]
Icon1="GesConcursos.exe"
Title1=GesConcursos
StartIn1=$(AppPath)

[Setup]
Title=GesConcursos
DefaultDir=C:\GesConcursos
AppExe=GesConcursos.exe
AppToUninstall=GesConcursos.exe

[Setup1 Files]
File1=@Manual.doc,$(AppPath),,$(Shared),9/9/11 9:49:10 AM,1779712,0.0.0.0
File2=@GuíaInstalacion.doc,$(AppPath),,$(Shared),3/18/10 10:24:48 AM,3616256,0.0.0.0
File3=@GestionPaises.mdb,$(AppPath),,$(Shared),3/1/10 6:38:30 PM,198656,0.0.0.0
File4=@GestionConcursos.mdb,$(AppPath),,$(Shared),3/29/11 12:25:12 PM,126976,0.0.0.0
File5=@MDAC_TYP.EXE,$(AppPath),,,6/26/98 12:00:00 AM,8124720,4.71.1015.0
File6=@msvcrt.dll,$(WinSysPathSysFile),,,12/7/17 11:36:46 PM,769096,7.0.16299.125
File7=@scrrun.dll,$(WinSysPath),$(DLLSelfRegister),$(Shared),9/29/17 12:50:13 PM,166912,5.812.10240.16384
File8=@MSMAPI32.OCX,$(WinSysPath),$(DLLSelfRegister),$(Shared),6/24/98 12:00:00 AM,137000,6.0.81.69
File9=@VB5DB.DLL,$(WinSysPath),,$(Shared),6/18/98 12:00:00 AM,89360,6.0.81.69
File10=@Msrepl35.dll,$(WinSysPathSysFile),,,11/17/00 12:58:32 PM,407312,3.51.623.0
File11=@MSRD2X35.DLL,$(WinSysPathSysFile),$(DLLSelfRegister),,4/24/98 12:00:00 AM,252176,3.51.623.0
File12=@expsrv.dll,$(WinSysPathSysFile),,,9/29/17 12:50:01 PM,380957,6.0.72.9589
File13=@vbajet32.dll,$(WinSysPathSysFile),,,9/29/17 12:50:01 PM,30749,6.0.1.9431
File14=@MSJINT35.DLL,$(WinSysPathSysFile),,,4/24/98 12:00:00 AM,123664,3.51.623.0
File15=@MSJTER35.DLL,$(WinSysPathSysFile),,,4/24/98 12:00:00 AM,24848,3.51.623.0
File16=@MSJET35.DLL,$(WinSysPathSysFile),$(DLLSelfRegister),,4/23/98 11:00:00 PM,1045776,3.51.623.4
File17=@DAO350.DLL,$(MSDAOPath),$(DLLSelfRegister),$(Shared),4/26/98 11:00:00 PM,570128,3.51.1608.0
File18=@DAO2535.TLB,$(MSDAOPath),$(TLBRegister),$(Shared),11/9/03 6:09:54 PM,73184,0.0.0.0
File19=@MFC40.DLL,$(WinSysPathSysFile),$(DLLSelfRegister),,4/24/98 12:00:00 AM,921872,4.1.0.6038
File20=@THREED32.OCX,$(WinSysPath),$(DLLSelfRegister),$(Shared),1/4/03 1:08:00 AM,200704,1.0.41.0
File21=@RDOCURS.DLL,$(WinSysPath),,$(Shared),6/18/98 12:00:00 AM,151552,5.0.81.69
File22=@MSRDO20.DLL,$(WinSysPath),$(DLLSelfRegister),$(Shared),6/18/98 12:00:00 AM,393216,6.0.81.69
File23=@MSRDC20.OCX,$(WinSysPath),$(DLLSelfRegister),$(Shared),6/23/98 12:00:00 AM,176440,6.0.81.69
File24=@DBGRID32.OCX,$(WinSysPath),$(DLLSelfRegister),$(Shared),6/24/98 12:00:00 AM,525352,5.1.81.4
File25=@COMCTL32.OCX,$(WinSysPath),$(DLLSelfRegister),$(Shared),6/24/98 12:00:00 AM,609584,6.0.80.22
File26=@RICHED32.DLL,$(WinSysPathSysFile),,,5/7/98 12:00:00 AM,174352,4.0.993.4
File27=@RICHTX32.OCX,$(WinSysPath),$(DLLSelfRegister),$(Shared),5/22/00 1:00:00 AM,203976,6.0.88.4
File28=@TABCTL32.OCX,$(WinSysPath),$(DLLSelfRegister),$(Shared),6/24/98 12:00:00 AM,209192,6.0.81.69
File29=@COMDLG32.OCX,$(WinSysPath),$(DLLSelfRegister),$(Shared),6/24/98 12:00:00 AM,140096,6.0.81.69
File30=@GesConcursos.exe,$(AppPath),,$(Shared),3/23/18 10:25:00 AM,1810432,14.0.0.2

; The following lines may be deleted in order to obtain extra 
; space for customizing this file on a full installation diskette.
; 
; XXXXXXXXXXXXXXXXXXXXXXXXXXXXXXXXXXXXXXXXXXXXXXXXXXXXXXXXXXXX
; XXXXXXXXXXXXXXXXXXXXXXXXXXXXXXXXXXXXXXXXXXXXXXXXXXXXXXXXXXXX
; XXXXXXXXXXXXXXXXXXXXXXXXXXXXXXXXXXXXXXXXXXXXXXXXXXXXXXXXXXXX
; XXXXXXXXXXXXXXXXXXXXXXXXXXXXXXXXXXXXXXXXXXXXXXXXXXXXXXXXXXXX
; XXXXXXXXXXXXXXXXXXXXXXXXXXXXXXXXXXXXXXXXXXXXXXXXXXXXXXXXXXXX
; XXXXXXXXXXXXXXXXXXXXXXXXXXXXXXXXXXXXXXXXXXXXXXXXXXXXXXXXXXXX
; XXXXXXXXXXXXXXXXXXXXXXXXXXXXXXXXXXXXXXXXXXXXXXXXXXXXXXXXXXXX
; XXXXXXXXXXXXXXXXXXXXXXXXXXXXXXXXXXXXXXXXXXXXXXXXXXXXXXXXXXXX
; XXXXXXXXXXXXXXXXXXXXXXXXXXXXXXXXXXXXXXXXXXXXXXXXXXXXXXXXXXXX
; XXXXXXXXXXXXXXXXXXXXXXXXXXXXXXXXXXXXXXXXXXXXXXXXXXXXXXXXXXXX
; XXXXXXXXXXXXXXXXXXXXXXXXXXXXXXXXXXXXXXXXXXXXXXXXXXXXXXXXXXXX
; XXXXXXXXXXXXXXXXXXXXXXXXXXXXXXXXXXXXXXXXXXXXXXXXXXXXXXXXXXXX
; XXXXXXXXXXXXXXXXXXXXXXXXXXXXXXXXXXXXXXXXXXXXXXXXXXXXXXXXXXXX
; XXXXXXXXXXXXXXXXXXXXXXXXXXXXXXXXXXXXXXXXXXXXXXXXXXXXXXXXXXXX
; XXXXXXXXXXXXXXXXXXXXXXXXXXXXXXXXXXXXXXXXXXXXXXXXXXXXXXXXXXXX
; XXXXXXXXXXXXXXXXXXXXXXXXXXXXXXXXXXXXXXXXXXXXXXXXXXXXXXXXXXXX
; XXXXXXXXXXXXXXXXXXXXXXXXXXXXXXXXXXXXXXXXXXXXXXXXXXXXXXXXXXXX
; XXXXXXXXXXXXXXXXXXXXXXXXXXXXXXXXXXXXXXXXXXXXXXXXXXXXXXXXXXXX
; XXXXXXXXXXXXXXXXXXXXXXXXXXXXXXXXXXXXXXXXXXXXXXXXXXXXXXXXXXXX
; XXXXXXXXXXXXXXXXXXXXXXXXXXXXXXXXXXXXXXXXXXXXXXXXXXXXXXXXXXXX
; XXXXXXXXXXXXXXXXXXXXXXXXXXXXXXXXXXXXXXXXXXXXXXXXXXXXXXXXXXXX
; XXXXXXXXXXXXXXXXXXXXXXXXXXXXXXXXXXXXXXXXXXXXXXXXXXXXXXXXXXXX
; XXXXXXXXXXXXXXXXXXXXXXXXXXXXXXXXXXXXXXXXXXXXXXXXXXXXXXXXXXXX
; XXXXXXXXXXXXXXXXXXXXXXXXXXXXXXXXXXXXXXXXXXXXXXXXXXXXXXXXXXXX
; XXXXXXXXXXXXXXXXXXXXXXXXXXXXXXXXXXXXXXXXXXXXXXXXXXXXXXXXXXXX
; XXXXXXXXXXXXXXXXXXXXXXXXXXXXXXXXXXXXXXXXXXXXXXXXXXXXXXXXXXXX
; XXXXXXXXXXXXXXXXXXXXXXXXXXXXXXXXXXXXXXXXXXXXXXXXXXXXXXXXXXXX
; XXXXXXXXXXXXXXXXXXXXXXXXXXXXXXXXXXXXXXXXXXXXXXXXXXXXXXXXXXXX
; XXXXXXXXXXXXXXXXXXXXXXXXXXXXXXXXXXXXXXXXXXXXXXXXXXXXXXXXXXXX
; XXXXXXXXXXXXXXXXXXXXXXXXXXXXXXXXXXXXXXXXXXXXXXXXXXXXXXXXXXXX
; XXXXXXXXXXXXXXXXXXXXXXXXXXXXXXXXXXXXXXXXXXXXXXXXXXXXXXXXXXXX
; XXXXXXXXXXXXXXXXXXXXXXXXXXXXXXXXXXXXXXXXXXXXXXXXXXXXXXXXXXXX
; XXXXXXXXXXXXXXXXXXXXXXXXXXXXXXXXXXXXXXXXXXXXXXXXXXXXXXXXXXXX
; XXXXXXXXXXXXXXXXXXXXXXXXXXXXXXXXXXXXXXXXXXXXXXXXXXXXXXXXXXXX
; XXXXXXXXXXXXXXXXXXXXXXXXXXXXXXXXXXXXXXXXXXXXXXXXXXXXXXXXXXXX
